+++
+++
```dmesg
[350360.330173] vcpu2 invoked oom-killer: gfp_mask=0x100cca(GFP_HIGHUSER_MOVABLE), order=0, oom_score_adj=0
[350360.330231] CPU: 57 PID: 1051848 Comm: vcpu2 Tainted: G        W          6.10.0-host+ #2
[350360.330236] Hardware name: Supermicro X12DPi-N(T)6/X12DPi-N6, BIOS 1.1b 07/20/2021
[350360.330238] Call Trace:
[350360.330294]  <TASK>
[350360.330303]  dump_stack_lvl+0x31/0xc0
[350360.330314]  dump_stack+0x14/0x40
[350360.330321]  dump_header+0x47/0x140
[350360.330328]  oom_kill_process+0x1cc/0x2c0
[350360.330331]  out_of_memory+0x3b1/0x580
[350360.330333]  __alloc_pages_slowpath+0x964/0xd80
[350360.330347]  __alloc_pages_noprof+0x237/0x340
[350360.330349]  alloc_pages_mpol_noprof+0xf4/0x1c0
[350360.330355]  shmem_alloc_and_add_folio+0x132/0x380
[350360.330371]  ? filemap_get_entry+0x56/0x180
[350360.330379]  shmem_get_folio_gfp+0x261/0x540
[350360.330388]  shmem_fault+0x75/0x140
[350360.330390]  __do_fault+0x43/0x180
[350360.330394]  handle_mm_fault+0xdf8/0x20c0
[350360.330397]  __get_user_pages+0x3f0/0x700
[350360.330403]  get_user_pages_unlocked+0xdd/0x380
[350360.330406]  hva_to_pfn+0xe3/0x440
[350360.330419]  ? xa_load+0x4d/0xc0
[350360.330422]  __gfn_to_pfn_memslot+0x94/0x140
[350360.330424]  kvm_faultin_pfn+0x1a5/0x500
[350360.330449]  ? clear_bhb_loop+0x45/0xc0
[350360.330452]  ? clear_bhb_loop+0x45/0xc0
[350360.330453]  ? clear_bhb_loop+0x45/0xc0
[350360.330454]  ? __pfx_kvm_tdp_page_fault+0x40/0x40
[350360.330456]  kvm_tdp_page_fault+0x109/0x180
[350360.330458]  kvm_mmu_do_page_fault+0x138/0x240
[350360.330459]  kvm_mmu_page_fault+0xb4/0x240
[350360.330461]  handle_ept_violation+0x113/0x400
[350360.330477]  vmx_handle_exit+0x4f9/0x900
[350360.330478]  kvm_arch_vcpu_ioctl_run+0x19bd/0x2140
[350360.330502]  ? inotify_handle_inode_event+0x170/0x240
[350360.330506]  ? fsnotify_handle_inode_event+0x95/0x100
[350360.330507]  ? fsnotify+0x651/0x800
[350360.330508]  ? fsnotify+0x7c0/0x800
[350360.330510]  ? fast_dput+0x18/0x100
[350360.330513]  ? dput+0x1e/0x80
[350360.330514]  ? __fsnotify_parent+0x204/0x240
[350360.330516]  ? __seccomp_filter+0x1de/0x940
[350360.330525]  kvm_vcpu_ioctl+0x4a8/0x580
[350360.330543]  __se_sys_ioctl+0x6d/0x100
[350360.330547]  __x64_sys_ioctl+0x1c/0x40
[350360.330550]  x64_sys_call+0x17e2/0x2c40
[350360.330553]  do_syscall_64+0x70/0x180
[350360.330555]  ? clear_bhb_loop+0x45/0xc0
[350360.330556]  ? clear_bhb_loop+0x45/0xc0
[350360.330557]  entry_SYSCALL_64_after_hwframe+0x76/0x7e
[350360.330575] RIP: 0033:0x7f5f405c7c5a
[350360.330589] Code: 63 f6 48 8d 44 24 60 48 89 54 24 30 48 89 44 24 10 48 8d 44 24 20 48 89 44 24 18 b8 10 00 00 00 c7 44 24 08 10 00 00 00 0f 05 <48> 63 f8 e8 6e dd ff ff 48 83 c4 58 c3 41 57 41 56 41 55 41 54 49
[350360.330591] RSP: 002b:00007f573ec024c0 EFLAGS: 00000206 ORIG_RAX: 0000000000000010
[350360.330595] RAX: ffffffffffffffda RBX: 00007f573ec026d8 RCX: 00007f5f405c7c5a
[350360.330596] RDX: 0000000000000000 RSI: 000000000000ae80 RDI: 0000000000000027
[350360.330597] RBP: 00007f5f401f1330 R08: 0000000000000001 R09: 0000000000000080
[350360.330598] R10: 00000000000000ff R11: 0000000000000206 R12: 00007f573ec02788
[350360.330607] R13: 00007f5f402e5e60 R14: 00007f5f40604aa0 R15: 0000000000000000
[350360.330609]  </TASK>
[350360.330628] Mem-Info:
[350360.330668] active_anon:3922872 inactive_anon:29625099 isolated_anon:0
                 active_file:188814 inactive_file:4222799 isolated_file:0
                 unevictable:2250 dirty:467 writeback:0
                 slab_reclaimable:237772 slab_unreclaimable:152291
                 mapped:31944657 shmem:32436339 pagetables:81079
                 sec_pagetables:64973 bounce:0
                 kernel_misc_reclaimable:0
                 free:58681051 free_pcp:9279 free_cma:0
[350360.330672] Node 1 active_anon:4566304kB inactive_anon:117166872kB active_file:4152kB inactive_file:11088kB unevictable:9000kB isolated(anon):0kB isolated(file):0kB mapped:117692460kB dirty:724kB writeback:0kB shmem:119071308kB shmem_thp:0kB shmem_pmdmapped:0kB anon_thp:1413120kB writeback_tmp:0kB kernel_stack:38320kB pagetables:262084kB sec_pagetables:257332kB all_unreclaimable? no
[350360.330741] Node 1 DMA free:896kB boost:2048kB min:2048kB low:2060kB high:2072kB reserved_highatomic:0KB active_anon:72kB inactive_anon:10240kB active_file:0kB inactive_file:0kB unevictable:0kB writepending:0kB present:15992kB managed:15360kB mlocked:0kB bounce:0kB free_pcp:56kB local_pcp:0kB free_cma:0kB
[350360.330754] lowmem_reserve[]: 0 1617 126387 0 0
[350360.330768] Node 1 DMA32 free:0kB boost:0kB min:376kB low:2032kB high:3688kB reserved_highatomic:0KB active_anon:470368kB inactive_anon:1166380kB active_file:0kB inactive_file:104kB unevictable:0kB writepending:0kB present:1724568kB managed:1656596kB mlocked:0kB bounce:0kB free_pcp:6420kB local_pcp:688kB free_cma:0kB
[350360.330774] lowmem_reserve[]: 0 0 124769 0 0
[350360.330790] Node 1 Normal free:220072kB boost:426924kB min:456012kB low:583776kB high:711540kB reserved_highatomic:0KB active_anon:4095548kB inactive_anon:115990252kB active_file:4336kB inactive_file:11260kB unevictable:9000kB writepending:724kB present:130023424kB managed:127764404kB mlocked:0kB bounce:0kB free_pcp:29000kB local_pcp:796kB free_cma:0kB
[350360.330822] lowmem_reserve[]: 0 0 0 0 0
[350360.330824] Node 1 DMA: 2*4kB (U) 13*8kB (U) 16*16kB (U) 16*32kB (U) 0*64kB 0*128kB 0*256kB 0*512kB 0*1024kB 0*2048kB 0*4096kB = 880kB
[350360.330833] Node 1 DMA32: 0*4kB 0*8kB 0*16kB 0*32kB 0*64kB 0*128kB 0*256kB 0*512kB 0*1024kB 0*2048kB 0*4096kB = 0kB
[350360.330847] Node 1 Normal: 2862*4kB (UME) 3090*8kB (UME) 3959*16kB (UME) 2299*32kB (UME) 699*64kB (UME) 2*128kB (M) 0*256kB 0*512kB 0*1024kB 0*2048kB 0*4096kB = 218072kB
[350360.330863] Node 1 hugepages_total=0 hugepages_free=0 hugepages_surp=0 hugepages_size=1048576kB
[350360.330865] Node 1 hugepages_total=0 hugepages_free=0 hugepages_surp=0 hugepages_size=2048kB
[350360.330866] 36848575 total pagecache pages
[350360.330869] 0 pages in swap cache
[350360.330870] Free swap  = 0kB
[350360.330870] Total swap = 0kB
[350360.330871] 99525572 pages RAM
[350360.330872] 0 pages HighMem/MovableOnly
[350360.330873] 581906 pages reserved
[350360.330875] 0 pages hwpoisoned
[350360.330882] Tasks state (memory values in pages):
[350360.330883] [  pid  ]   uid  tgid total_vm      rss rss_anon rss_file rss_shmem pgtables_bytes swapents oom_score_adj name
[350360.331119] [   1522]     0  1522     7760     2069        0     2069         0    90112        0         -1000 systemd-udevd
[350360.331141] [   2064]    81  2064     2064     1164        0     1164         0    61440        0          -900 dbus-daemon
[350360.331144] [   2069]     0  2069     4476     2668      288     2380         0    73728        0             0 systemd-logind
[350360.331149] [   2075]     0  2075    94687     5919     3232     2687         0   200704        0             0 NetworkManager
[350360.331152] [   2102]  1000  2102     1895      587        0      587         0    57344        0             0 runsvc.sh
[350360.331156] [   2113]     0  2113     2504      590        0      590         0    61440        0             0 agetty
[350360.331158] [   2114]     0  2114     2512      581        0      581         0    61440        0             0 agetty
[350360.331161] [   2115]  1000  2115    80668     5045     1440     3605         0   438272        0             0 node
[350360.331163] [   2139]  1000  2139  1110512    26237    20366     5871         0   753664        0             0 Runner.Listener
[350360.331165] [   2146]     0  2146     3980     2950      288     2662         0    73728        0             0 wpa_supplicant
[350360.331168] [   2240]   998  2240  3296983    47814    41577     6237         0  2945024        0             0 alloy
[350360.331173] [   2258]   998  2258     1859      591        0      591         0    57344        0             0 dbus-daemon
[350360.331176] [   2993]     0  2993     4164     1768        0     1768         0    73728        0             0 systemd-machine
[350360.331178] [   3027]   102  3027    80289     3238      576     2662         0   151552        0             0 polkitd
[350360.331180] [   3089]   356  3089     2913      597        0      597         0    65536        0             0 dnsmasq
[350360.331193] [   3090]     0  3090     2913        0        0        0         0    65536        0             0 dnsmasq
[350360.331195] [   4799]   356  4799     2913      586        0      586         0    69632        0             0 dnsmasq
[350360.331197] [   4800]     0  4800     2913      295        0      295         0    69632        0             0 dnsmasq
[350360.331201] [ 205212]  1000 205212     5057     2626      576     2050         0    77824        0           100 systemd
[350360.331208] [ 205214]  1000 205214     5477      589      299      290         0    73728        0           100 (sd-pam)
[350360.331211] [ 205230]  1000 205230     1872      884        0      884         0    57344        0           200 dbus-daemon
[350360.331215] [ 205232]  1000 205232    78195     1757        0     1757         0   131072        0           200 gvfsd
[350360.331218] [ 806008]  1000 806008    57689    30258    29660      598         0   507904        0             0 tmux: server
[350360.331225] [ 806056]  1000 806056    61722     2466      775     1691         0   143360        0             0 fish
[350360.331235] [ 807101]   997 807101   317899    11472     4064     7408         0   208896        0             0 caddy
[350360.331239] [ 807249]  1000 807249   168815    29819    24764     5055         0   450560        0             0 jupyter-lab
[350360.331243] [ 807311]  1000 807311    61979     4733     2880     1853         0   131072        0             0 fish
[350360.331261] [ 807423]  1000 807423    40985     1676      288     1388         0   106496        0             0 fish
[350360.331263] [ 813403]  1000 813403    43195     4811     3168     1643         0   114688        0             0 fish
[350360.331268] [ 852328]  1000 852328 26394092   108752   106616     2136         0 19849216        0             0 pytest
[350360.331300] [ 854897]  1000 854897   239255     2342     1152     1190         0   253952        0             0 joshuto
[350360.331334] [ 870305]     0 870305    37752      292        0      292         0    77824        0             0 clr_debug_fuse
[350360.331364] [ 870339]     0 870339    30482     1001        0     1001         0   172032        0             0 tallow
[350360.331367] [ 870348]   305 870348     4462     1180        0     1180         0    77824        0             0 pacrunner
[350360.331370] [ 870356]     0 870356    13400      638        0      638         0   114688        0          -250 systemd-journal
[350360.331377] [ 870361]     0 870361      691      293        0      293         0    40960        0             0 mcelog
[350360.331395] [ 870365]     0 870365    56185      295        0      295         0    90112        0             0 clr_debug_fuse
[350360.331400] [ 870376]    98 870376     5016     2960      576     2384         0    86016        0             0 systemd-resolve
[350360.331404] [ 870379]   305 870379     2090      598        0      598         0    57344        0             0 pacdiscovery
[350360.331410] [ 870385]    99 870385    22794     1461        0     1461         0    77824        0             0 systemd-timesyn
[350360.331419] [ 954275]  1000 954275    59258     1754      288     1466         0   110592        0             0 fish
[350360.331422] [ 954303]  1000 954303     4846     2626     1440     1186         0    77824        0             0 htop
[350360.331425] [ 954408]  1000 954408  4449150    62180    59376     2804         0   786432        0             0 python3
[350360.331569] [ 957458]     0 957458   187794    10383     5954     4429         0   204800        0             0 cloudflared
[350360.331611] [ 985271]  1000 985271    43510     2224      864     1360         0   110592        0             0 fish
[350360.331639] [ 992828]  1000 992828    59064     1698      288     1410         0   114688        0             0 fish
[350360.331645] [ 993727]  1000 993727     3675     2054      288     1766         0    73728        0             0 nvim
[350360.331648] [ 993730]  1000 993730     3099      302        0      302         0    53248        0             0 nvim
[350360.331654] [ 993737]  1000 993737   551115   431142   429078     2064         0  3661824        0             0 nvim
[350360.331661] [ 993852]  1000 993852   471808   246376   234100    12276         0 26034176        0             0 node
[350360.331665] [ 993863]  1000 993863   347631    34703    22417    12286         0  2564096        0             0 node
[350360.331669] [ 995195]  1000 995195    21865     1474        0     1474         0    90112        0             0 fish
[350360.331673] [ 995201]  1000 995201    58943     1409        0     1409         0   118784        0             0 fish
[350360.331677] [ 995269]  1000 995269   155220     2334     1152     1182         0   184320        0             0 joshuto
[350360.331784] [ 995954]  1000 995954  1235362     8479     4606     3873         0   827392        0             0 lazygit
[350360.331987] [1051742]  1000 1051742      605      303        0      303         0    45056        0             0 virtiofsd
[350360.331997] [1051743]  1000 1051743  8390253      873        0      297       576   348160        0             0 virtiofsd
[350360.332001] [1051744]  1000 1051744      605      303        0      303         0    40960        0             0 virtiofsd
[350360.332007] [1051745]  1000 1051745  8390253      297        0      297         0   106496        0             0 virtiofsd
[350360.332009] [1051747]  1000 1051747  8398485  1451246      288      590   1450368 11878400        0             0 cloud-hyperviso
[350360.332013] [1051760]  1000 1051760      605      303        0      303         0    40960        0             0 virtiofsd
[350360.332017] [1051761]  1000 1051761  8390253     1162        0      297       865   356352        0             0 virtiofsd
[350360.332021] [1051762]  1000 1051762      605      303        0      303         0    40960        0             0 virtiofsd
[350360.332025] [1051764]  1000 1051764  8390253      297        0      297         0   114688        0             0 virtiofsd
[350360.332028] [1051765]  1000 1051765  8398485  1467374      288      590   1466496 12050432        0             0 cloud-hyperviso
[350360.332036] [1051778]  1000 1051778      605      303        0      303         0    40960        0             0 virtiofsd
[350360.332038] [1051779]  1000 1051779  8390253      885        0      297       588   331776        0             0 virtiofsd
[350360.332041] [1051781]  1000 1051781      605      303        0      303         0    40960        0             0 virtiofsd
[350360.332051] [1051782]  1000 1051782  8390253      600        0      297       303   110592        0             0 virtiofsd
[350360.332060] [1051783]  1000 1051783  8398127  1472558      288      590   1471680 12050432        0             0 cloud-hyperviso
[350360.332063] [1051796]  1000 1051796      605      303        0      303         0    36864        0             0 virtiofsd
[350360.332066] [1051797]  1000 1051797  8390253     1171        0      297       874   360448        0             0 virtiofsd
[350360.332068] [1051799]  1000 1051799      605      303        0      303         0    40960        0             0 virtiofsd
[350360.332086] [1051800]  1000 1051800  8390253      588        0      297       291   131072        0             0 virtiofsd
[350360.332092] [1051801]  1000 1051801  8398485  1403150      288      590   1402272 11497472        0             0 cloud-hyperviso
[350360.332096] [1051814]  1000 1051814      605      303        0      303         0    36864        0             0 virtiofsd
[350360.332098] [1051815]  1000 1051815  8390253      878        0      297       581   339968        0             0 virtiofsd
[350360.332101] [1051817]  1000 1051817      605      303        0      303         0    40960        0             0 virtiofsd
[350360.332107] [1051818]  1000 1051818  8390253      297        0      297         0   126976        0             0 virtiofsd
[350360.332110] [1051820]  1000 1051820  8398485  1452110      288      590   1451232 11898880        0             0 cloud-hyperviso
[350360.332114] [1051832]  1000 1051832      605      303        0      303         0    36864        0             0 virtiofsd
[350360.332118] [1051833]  1000 1051833  8390253      873        0      297       576   344064        0             0 virtiofsd
[350360.332120] [1051835]  1000 1051835      605      303        0      303         0    36864        0             0 virtiofsd
[350360.332123] [1051836]  1000 1051836  8390253      585        0      297       288   122880        0             0 virtiofsd
[350360.332126] [1051837]  1000 1051837  8398485  1449518      288      590   1448640 11882496        0             0 cloud-hyperviso
[350360.332130] [1051850]  1000 1051850      605      303        0      303         0    40960        0             0 virtiofsd
[350360.332137] [1051851]  1000 1051851  8390253     1175        0      297       878   339968        0             0 virtiofsd
[350360.332139] [1051853]  1000 1051853      605      303        0      303         0    40960        0             0 virtiofsd
[350360.332143] [1051854]  1000 1051854  8390253      297        0      297         0   131072        0             0 virtiofsd
[350360.332146] [1051855]  1000 1051855  8398485  1450670      288      590   1449792 11898880        0             0 cloud-hyperviso
[350360.332149] [1051868]  1000 1051868      605      303        0      303         0    40960        0             0 virtiofsd
[350360.332153] [1051869]  1000 1051869  8390253      884        0      297       587   331776        0             0 virtiofsd
[350360.332162] [1051874]  1000 1051874      605      303        0      303         0    40960        0             0 virtiofsd
[350360.332166] [1051875]  1000 1051875  8390253      297        0      297         0   122880        0             0 virtiofsd
[350360.332192] [1051876]  1000 1051876  8398468  1471694      288      590   1470816 12058624        0             0 cloud-hyperviso
[350360.332199] [1051930]  1000 1051930      605      303        0      303         0    36864        0             0 virtiofsd
[350360.332203] [1051931]  1000 1051931  8390253      585        0      297       288   348160        0             0 virtiofsd
[350360.332212] [1051932]  1000 1051932      605      303        0      303         0    36864        0             0 virtiofsd
[350360.332217] [1051933]  1000 1051933  8398485  1476302      576      590   1475136 12099584        0             0 cloud-hyperviso
[350360.332219] [1051934]  1000 1051934  8390253      297        0      297         0   126976        0             0 virtiofsd
[350360.332221] [1051949]  1000 1051949      605      303        0      303         0    40960        0             0 virtiofsd
[350360.332224] [1051950]  1000 1051950      605      303        0      303         0    36864        0             0 virtiofsd
[350360.332227] [1051951]  1000 1051951  8390253      297        0      297         0   352256        0             0 virtiofsd
[350360.332232] [1051952]  1000 1051952  8390253      297        0      297         0   122880        0             0 virtiofsd
[350360.332235] [1051953]  1000 1051953  8398485  1394798      288      590   1393920 11431936        0             0 cloud-hyperviso
[350360.332238] [1051978]  1000 1051978      605      303        0      303         0    45056        0             0 virtiofsd
[350360.332243] [1051980]  1000 1051980  8390253     1171        0      297       874   360448        0             0 virtiofsd
[350360.332246] [1051981]  1000 1051981      605      303        0      303         0    40960        0             0 virtiofsd
[350360.332248] [1051982]  1000 1051982  8398485  1346702      288      590   1345824 11063296        0             0 cloud-hyperviso
[350360.332265] [1051983]  1000 1051983  8390253      596        0      297       299   126976        0             0 virtiofsd
[350360.332270] [1052016]  1000 1052016      605      303        0      303         0    40960        0             0 virtiofsd
[350360.332274] [1052018]  1000 1052018      605      303        0      303         0    40960        0             0 virtiofsd
[350360.332276] [1052019]  1000 1052019  8390253      873        0      297       576   364544        0             0 virtiofsd
[350360.332283] [1052021]  1000 1052021  8398485  1421870      576      590   1420704 11632640        0             0 cloud-hyperviso
[350360.332287] [1052022]  1000 1052022  8390253      297        0      297         0   106496        0             0 virtiofsd
[350360.332291] [1052056]  1000 1052056      605      303        0      303         0    36864        0             0 virtiofsd
[350360.332294] [1052057]  1000 1052057      605      303        0      303         0    36864        0             0 virtiofsd
[350360.332298] [1052058]  1000 1052058  8390253      873        0      297       576   335872        0             0 virtiofsd
[350360.332303] [1052059]  1000 1052059  8398485  1394222      864      590   1392768 11411456        0             0 cloud-hyperviso
[350360.332319] [1052060]  1000 1052060  8390253      297        0      297         0   110592        0             0 virtiofsd
[350360.332323] [1052083]  1000 1052083      605      303        0      303         0    40960        0             0 virtiofsd
[350360.332331] [1052084]  1000 1052084      605      303        0      303         0    45056        0             0 virtiofsd
[350360.332334] [1052085]  1000 1052085  8390253      873        0      297       576   348160        0             0 virtiofsd
[350360.332338] [1052086]  1000 1052086  8398485  1413518      576      590   1412352 11563008        0             0 cloud-hyperviso
[350360.332342] [1052087]  1000 1052087  8390253      297        0      297         0   114688        0             0 virtiofsd
[350360.332350] [1052109]  1000 1052109      605      303        0      303         0    36864        0             0 virtiofsd
[350360.332353] [1052110]  1000 1052110      605      303        0      303         0    36864        0             0 virtiofsd
[350360.332356] [1052111]  1000 1052111  8390253      873        0      297       576   331776        0             0 virtiofsd
[350360.332360] [1052112]  1000 1052112  8390253      297        0      297         0   122880        0             0 virtiofsd
[350360.332364] [1052113]  1000 1052113  8398485  1491278      288      590   1490400 12230656        0             0 cloud-hyperviso
[350360.332370] [1052127]  1000 1052127      605      303        0      303         0    40960        0             0 virtiofsd
[350360.332378] [1052128]  1000 1052128      605      303        0      303         0    40960        0             0 virtiofsd
[350360.332391] [1052129]  1000 1052129  8390253     1162        0      297       865   356352        0             0 virtiofsd
[350360.332403] [1052131]  1000 1052131  8398485  1435406      576      590   1434240 11784192        0             0 cloud-hyperviso
[350360.332407] [1052132]  1000 1052132  8390253      297        0      297         0   122880        0             0 virtiofsd
[350360.332412] [1052151]  1000 1052151      605      303        0      303         0    40960        0             0 virtiofsd
[350360.332417] [1052152]  1000 1052152  8390253      873        0      297       576   339968        0             0 virtiofsd
[350360.332420] [1052153]  1000 1052153      605      303        0      303         0    40960        0             0 virtiofsd
[350360.332425] [1052154]  1000 1052154  8390253      297        0      297         0   122880        0             0 virtiofsd
[350360.332428] [1052156]  1000 1052156  8398485  1461902        0      590   1461312 11997184        0             0 cloud-hyperviso
[350360.332431] [1052171]  1000 1052171      605      303        0      303         0    40960        0             0 virtiofsd
[350360.332438] [1052172]  1000 1052172      605      303        0      303         0    36864        0             0 virtiofsd
[350360.332447] [1052173]  1000 1052173  8390253      878        0      297       581   303104        0             0 virtiofsd
[350360.332449] [1052174]  1000 1052174  8398485  1477454      576      590   1476288 12070912        0             0 cloud-hyperviso
[350360.332452] [1052175]  1000 1052175  8390253      297        0      297         0   126976        0             0 virtiofsd
[350360.332478] [1052195]  1000 1052195      605      303        0      303         0    40960        0             0 virtiofsd
[350360.332481] [1052196]  1000 1052196  8390253      874        0      297       577   323584        0             0 virtiofsd
[350360.332483] [1052197]  1000 1052197      605      303        0      303         0    40960        0             0 virtiofsd
[350360.332486] [1052199]  1000 1052199  8390253      599        0      297       302   122880        0             0 virtiofsd
[350360.332491] [1052201]  1000 1052201  8398485  1480622     1152      590   1478880 12075008        0             0 cloud-hyperviso
[350360.332496] [1052227]  1000 1052227      605      303        0      303         0    40960        0             0 virtiofsd
[350360.332502] [1052228]  1000 1052228  8390253     1165        0      297       868   303104        0             0 virtiofsd
[350360.332504] [1052229]  1000 1052229      605      303        0      303         0    36864        0             0 virtiofsd
[350360.332506] [1052231]  1000 1052231  8390253      297        0      297         0   118784        0             0 virtiofsd
[350360.332510] [1052233]  1000 1052233  8398468  1464494      864      590   1463040 11997184        0             0 cloud-hyperviso
[350360.332515] [1052253]  1000 1052253      605      303        0      303         0    40960        0             0 virtiofsd
[350360.332518] [1052254]  1000 1052254      605      303        0      303         0    40960        0             0 virtiofsd
[350360.332523] [1052255]  1000 1052255  8390253     1169        0      297       872   348160        0             0 virtiofsd
[350360.332534] [1052256]  1000 1052256  8398127  1479470      864      590   1478016 12148736        0             0 cloud-hyperviso
[350360.332541] [1052257]  1000 1052257  8390253      297        0      297         0   118784        0             0 virtiofsd
[350360.332561] [1052281]  1000 1052281      605      303        0      303         0    36864        0             0 virtiofsd
[350360.332564] [1052282]  1000 1052282  8390253     1175        0      297       878   393216        0             0 virtiofsd
[350360.332571] [1052283]  1000 1052283      605      303        0      303         0    40960        0             0 virtiofsd
[350360.332573] [1052285]  1000 1052285  8390253      597        0      297       300   126976        0             0 virtiofsd
[350360.332582] [1052286]  1000 1052286  8398178  1475726      864      590   1474272 12054528        0             0 cloud-hyperviso
[350360.332587] oom-kill:constraint=CONSTRAINT_MEMORY_POLICY,nodemask=1,cpuset=/,mems_allowed=1-2,global_oom,task_memcg=/user.slice/user-1000.slice/user@1000.service,task=gvfsd,pid=205232,uid=1000
[350360.332683] Out of memory: Killed process 205232 (gvfsd) total-vm:312780kB, anon-rss:0kB, file-rss:7028kB, shmem-rss:0kB, UID:1000 pgtables:128kB oom_score_adj:200
[350360.358978] vcpu1 invoked oom-killer: gfp_mask=0x100cca(GFP_HIGHUSER_MOVABLE), order=0, oom_score_adj=0
[350360.359004] CPU: 113 PID: 1052010 Comm: vcpu1 Tainted: G        W          6.10.0-host+ #2
[350360.359025] Hardware name: Supermicro X12DPi-N(T)6/X12DPi-N6, BIOS 1.1b 07/20/2021
[350360.359027] Call Trace:
[350360.359028]  <TASK>
[350360.359032]  dump_stack_lvl+0x31/0xc0
[350360.359041]  dump_stack+0x14/0x40
[350360.359044]  dump_header+0x47/0x140
[350360.359047]  oom_kill_process+0x1cc/0x2c0
[350360.359049]  out_of_memory+0x3b1/0x580
[350360.359052]  __alloc_pages_slowpath+0x964/0xd80
[350360.359059]  __alloc_pages_noprof+0x237/0x340
[350360.359061]  alloc_pages_mpol_noprof+0xf4/0x1c0
[350360.359073]  shmem_alloc_and_add_folio+0x132/0x380
[350360.359076]  ? filemap_get_entry+0x56/0x180
[350360.359085]  shmem_get_folio_gfp+0x261/0x540
[350360.359087]  shmem_fault+0x75/0x140
[350360.359093]  __do_fault+0x43/0x180
[350360.359118]  handle_mm_fault+0xdf8/0x20c0
[350360.359121]  __get_user_pages+0x3f0/0x700
[350360.359130]  get_user_pages_unlocked+0xdd/0x380
[350360.359133]  hva_to_pfn+0xe3/0x440
[350360.359137]  ? xa_load+0x4d/0xc0
[350360.359141]  __gfn_to_pfn_memslot+0x94/0x140
[350360.359144]  kvm_faultin_pfn+0x1a5/0x500
[350360.359152]  ? clear_bhb_loop+0x45/0xc0
[350360.359153]  ? clear_bhb_loop+0x45/0xc0
[350360.359155]  ? clear_bhb_loop+0x45/0xc0
[350360.359156]  ? __pfx_kvm_tdp_page_fault+0x40/0x40
[350360.359158]  kvm_tdp_page_fault+0x109/0x180
[350360.359159]  kvm_mmu_do_page_fault+0x138/0x240
[350360.359161]  kvm_mmu_page_fault+0xb4/0x240
[350360.359162]  handle_ept_violation+0x113/0x400
[350360.359169]  vmx_handle_exit+0x4f9/0x900
[350360.359171]  kvm_arch_vcpu_ioctl_run+0x19bd/0x2140
[350360.359184]  ? inotify_handle_inode_event+0x170/0x240
[350360.359186]  ? fsnotify_handle_inode_event+0x95/0x100
[350360.359188]  ? fsnotify+0x651/0x800
[350360.359189]  ? fsnotify+0x7c0/0x800
[350360.359191]  ? fast_dput+0x18/0x100
[350360.359194]  ? dput+0x1e/0x80
[350360.359196]  ? __fsnotify_parent+0x204/0x240
[350360.359197]  ? __seccomp_filter+0x1de/0x940
[350360.359209]  kvm_vcpu_ioctl+0x4a8/0x580
[350360.359212]  __se_sys_ioctl+0x6d/0x100
[350360.359221]  __x64_sys_ioctl+0x1c/0x40
[350360.359224]  x64_sys_call+0x17e2/0x2c40
[350360.359234]  do_syscall_64+0x70/0x180
[350360.359236]  ? clear_bhb_loop+0x45/0xc0
[350360.359237]  ? clear_bhb_loop+0x45/0xc0
[350360.359239]  entry_SYSCALL_64_after_hwframe+0x76/0x7e
[350360.359263] RIP: 0033:0x7f3aed9c7c5a
[350360.359266] Code: 63 f6 48 8d 44 24 60 48 89 54 24 30 48 89 44 24 10 48 8d 44 24 20 48 89 44 24 18 b8 10 00 00 00 c7 44 24 08 10 00 00 00 0f 05 <48> 63 f8 e8 6e dd ff ff 48 83 c4 58 c3 41 57 41 56 41 55 41 54 49
[350360.359274] RSP: 002b:00007f32ec4024c0 EFLAGS: 00000206 ORIG_RAX: 0000000000000010
[350360.359277] RAX: ffffffffffffffda RBX: 00007f32ec4026d8 RCX: 00007f3aed9c7c5a
[350360.359279] RDX: 0000000000000000 RSI: 000000000000ae80 RDI: 0000000000000026
[350360.359280] RBP: 00007f3aed4cf340 R08: 0000000000000001 R09: 0000000000000080
[350360.359308] R10: 00000000000000ff R11: 0000000000000206 R12: 00007f32ec402788
[350360.359310] R13: 00007f3aed6e5e60 R14: 00007f3aeda00670 R15: 0000000000000000
[350360.359312]  </TASK>
[350360.359325] Mem-Info:
[350360.359352] active_anon:4268913 inactive_anon:29292543 isolated_anon:0
                 active_file:188992 inactive_file:4221479 isolated_file:0
                 unevictable:2250 dirty:633 writeback:0
                 slab_reclaimable:237780 slab_unreclaimable:152291
                 mapped:31957201 shmem:32449950 pagetables:81080
                 sec_pagetables:64974 bounce:0
                 kernel_misc_reclaimable:0
                 free:58692589 free_pcp:1426 free_cma:0
[350360.359358] Node 1 active_anon:4567232kB inactive_anon:117169444kB active_file:3336kB inactive_file:5800kB unevictable:9000kB isolated(anon):0kB isolated(file):0kB mapped:117691656kB dirty:724kB writeback:0kB shmem:119074844kB shmem_thp:0kB shmem_pmdmapped:0kB anon_thp:1413120kB writeback_tmp:0kB kernel_stack:38288kB pagetables:262088kB sec_pagetables:257336kB all_unreclaimable? no
[350360.359400] Node 1 DMA free:952kB boost:2048kB min:2048kB low:2060kB high:2072kB reserved_highatomic:0KB active_anon:72kB inactive_anon:10240kB active_file:0kB inactive_file:0kB unevictable:0kB writepending:0kB present:15992kB managed:15360kB mlocked:0kB bounce:0kB free_pcp:0kB local_pcp:0kB free_cma:0kB
[350360.359408] lowmem_reserve[]: 0 1617 126387 0 0
[350360.359414] Node 1 DMA32 free:360kB boost:0kB min:376kB low:2032kB high:3688kB reserved_highatomic:0KB active_anon:473864kB inactive_anon:1166380kB active_file:0kB inactive_file:44kB unevictable:0kB writepending:0kB present:1724568kB managed:1656596kB mlocked:0kB bounce:0kB free_pcp:2548kB local_pcp:640kB free_cma:0kB
[350360.359419] lowmem_reserve[]: 0 0 124769 0 0
[350360.359424] Node 1 Normal free:252264kB boost:426924kB min:456012kB low:583776kB high:711540kB reserved_highatomic:0KB active_anon:4092916kB inactive_anon:115992824kB active_file:3520kB inactive_file:6476kB unevictable:9000kB writepending:724kB present:130023424kB managed:127764404kB mlocked:0kB bounce:0kB free_pcp:3156kB local_pcp:740kB free_cma:0kB
[350360.359430] lowmem_reserve[]: 0 0 0 0 0
[350360.359433] Node 1 DMA: 8*4kB (U) 13*8kB (U) 14*16kB (U) 14*32kB (U) 2*64kB (U) 0*128kB 0*256kB 0*512kB 0*1024kB 0*2048kB 0*4096kB = 936kB
[350360.359446] Node 1 DMA32: 0*4kB 0*8kB 1*16kB (M) 1*32kB (M) 1*64kB (M) 0*128kB 1*256kB (M) 0*512kB 0*1024kB 0*2048kB 0*4096kB = 368kB
[350360.359455] Node 1 Normal: 6096*4kB (UME) 4656*8kB (UME) 3893*16kB (UME) 2188*32kB (UME) 874*64kB (UME) 14*128kB (UM) 0*256kB 0*512kB 0*1024kB 0*2048kB 0*4096kB = 251664kB
[350360.359475] Node 1 hugepages_total=0 hugepages_free=0 hugepages_surp=0 hugepages_size=1048576kB
[350360.359476] Node 1 hugepages_total=0 hugepages_free=0 hugepages_surp=0 hugepages_size=2048kB
[350360.359478] 36860916 total pagecache pages
[350360.359479] 0 pages in swap cache
[350360.359480] Free swap  = 0kB
[350360.359481] Total swap = 0kB
[350360.359482] 99525572 pages RAM
[350360.359483] 0 pages HighMem/MovableOnly
[350360.359483] 581906 pages reserved
[350360.359484] 0 pages hwpoisoned
[350360.359485] Tasks state (memory values in pages):
[350360.359486] [  pid  ]   uid  tgid total_vm      rss rss_anon rss_file rss_shmem pgtables_bytes swapents oom_score_adj name
[350360.359618] [   1522]     0  1522     7760     2069        0     2069         0    90112        0         -1000 systemd-udevd
[350360.359638] [   2064]    81  2064     2064     1164        0     1164         0    61440        0          -900 dbus-daemon
[350360.359641] [   2069]     0  2069     4476     2668      288     2380         0    73728        0             0 systemd-logind
[350360.359643] [   2075]     0  2075    94687     5919     3232     2687         0   200704        0             0 NetworkManager
[350360.359645] [   2102]  1000  2102     1895      587        0      587         0    57344        0             0 runsvc.sh
[350360.359647] [   2113]     0  2113     2504      590        0      590         0    61440        0             0 agetty
[350360.359649] [   2114]     0  2114     2512      581        0      581         0    61440        0             0 agetty
[350360.359651] [   2115]  1000  2115    80668     5045     1440     3605         0   438272        0             0 node
[350360.359652] [   2139]  1000  2139  1110512    26237    20366     5871         0   753664        0             0 Runner.Listener
[350360.359655] [   2146]     0  2146     3980     2950      288     2662         0    73728        0             0 wpa_supplicant
[350360.359657] [   2240]   998  2240  3296983    47526    41577     5949         0  2945024        0             0 alloy
[350360.359665] [   2258]   998  2258     1859      591        0      591         0    57344        0             0 dbus-daemon
[350360.359670] [   2993]     0  2993     4164     1768        0     1768         0    73728        0             0 systemd-machine
[350360.359680] [   3027]   102  3027    80289     3238      576     2662         0   151552        0             0 polkitd
[350360.359682] [   3089]   356  3089     2913      597        0      597         0    65536        0             0 dnsmasq
[350360.359684] [   3090]     0  3090     2913        0        0        0         0    65536        0             0 dnsmasq
[350360.359686] [   4799]   356  4799     2913      586        0      586         0    69632        0             0 dnsmasq
[350360.359689] [   4800]     0  4800     2913      295        0      295         0    69632        0             0 dnsmasq
[350360.359740] [ 205212]  1000 205212     5057     2626      576     2050         0    77824        0           100 systemd
[350360.359744] [ 205214]  1000 205214     5477      589      299      290         0    73728        0           100 (sd-pam)
[350360.359746] [ 205230]  1000 205230     1872      884        0      884         0    57344        0           200 dbus-daemon
[350360.359747] [ 806008]  1000 806008    57689    30258    29660      598         0   507904        0             0 tmux: server
[350360.359778] [ 806056]  1000 806056    61722     2466      775     1691         0   143360        0             0 fish
[350360.359780] [ 807101]   997 807101   317899    11472     4064     7408         0   208896        0             0 caddy
[350360.359782] [ 807249]  1000 807249   168815    29819    24764     5055         0   450560        0             0 jupyter-lab
[350360.359785] [ 807311]  1000 807311    61979     4733     2880     1853         0   131072        0             0 fish
[350360.359787] [ 807423]  1000 807423    40985     1676      288     1388         0   106496        0             0 fish
[350360.359788] [ 813403]  1000 813403    43195     4811     3168     1643         0   114688        0             0 fish
[350360.359794] [ 852328]  1000 852328 26394092   108752   106616     2136         0 19849216        0             0 pytest
[350360.359797] [ 854897]  1000 854897   239255     2342     1152     1190         0   253952        0             0 joshuto
[350360.359801] [ 870305]     0 870305    37752      292        0      292         0    77824        0             0 clr_debug_fuse
[350360.359804] [ 870339]     0 870339    30482     1001        0     1001         0   172032        0             0 tallow
[350360.359806] [ 870348]   305 870348     4462     1180        0     1180         0    77824        0             0 pacrunner
[350360.359816] [ 870356]     0 870356    13400      638        0      638         0   114688        0          -250 systemd-journal
[350360.359818] [ 870361]     0 870361      691      293        0      293         0    40960        0             0 mcelog
[350360.359820] [ 870365]     0 870365    56185      295        0      295         0    90112        0             0 clr_debug_fuse
[350360.359822] [ 870376]    98 870376     5016     2960      576     2384         0    86016        0             0 systemd-resolve
[350360.359824] [ 870379]   305 870379     2090      598        0      598         0    57344        0             0 pacdiscovery
[350360.359832] [ 870385]    99 870385    22794     1461        0     1461         0    77824        0             0 systemd-timesyn
[350360.359834] [ 954275]  1000 954275    59258     1754      288     1466         0   110592        0             0 fish
[350360.359838] [ 954303]  1000 954303     4846     2626     1440     1186         0    77824        0             0 htop
[350360.359842] [ 954408]  1000 954408  4449150    62180    59376     2804         0   786432        0             0 python3
[350360.359854] [ 957458]     0 957458   187794    10383     5954     4429         0   204800        0             0 cloudflared
[350360.359868] [ 985271]  1000 985271    43510     2224      864     1360         0   110592        0             0 fish
[350360.359882] [ 992828]  1000 992828    59064     1698      288     1410         0   114688        0             0 fish
[350360.359885] [ 993727]  1000 993727     3675     2054      288     1766         0    73728        0             0 nvim
[350360.359887] [ 993730]  1000 993730     3099      302        0      302         0    53248        0             0 nvim
[350360.359918] [ 993737]  1000 993737   551115   431142   429078     2064         0  3661824        0             0 nvim
[350360.359924] [ 993852]  1000 993852   471808   246376   234100    12276         0 26034176        0             0 node
[350360.359927] [ 993863]  1000 993863   347631    34703    22417    12286         0  2564096        0             0 node
[350360.359937] [ 995195]  1000 995195    21865     1474        0     1474         0    90112        0             0 fish
[350360.359949] [ 995201]  1000 995201    58943     1409        0     1409         0   118784        0             0 fish
[350360.359951] [ 995269]  1000 995269   155220     2334     1152     1182         0   184320        0             0 joshuto
[350360.359953] [ 995954]  1000 995954  1235362     8479     4606     3873         0   827392        0             0 lazygit
[350360.360072] [1051742]  1000 1051742      605       15        0       15         0    45056        0             0 virtiofsd
[350360.360074] [1051743]  1000 1051743  8390253      873        0      297       576   348160        0             0 virtiofsd
[350360.360076] [1051744]  1000 1051744      605       15        0       15         0    40960        0             0 virtiofsd
[350360.360084] [1051745]  1000 1051745  8390253      297        0      297         0   106496        0             0 virtiofsd
[350360.360101] [1051747]  1000 1051747  8398485  1451246      288      590   1450368 11878400        0             0 cloud-hyperviso
[350360.360107] [1051760]  1000 1051760      605       15        0       15         0    40960        0             0 virtiofsd
[350360.360109] [1051761]  1000 1051761  8390253     1162        0      297       865   356352        0             0 virtiofsd
[350360.360111] [1051762]  1000 1051762      605       15        0       15         0    40960        0             0 virtiofsd
[350360.360118] [1051764]  1000 1051764  8390253      297        0      297         0   114688        0             0 virtiofsd
[350360.360125] [1051765]  1000 1051765  8398485  1468526      288      590   1467648 12058624        0             0 cloud-hyperviso
[350360.360130] [1051778]  1000 1051778      605       15        0       15         0    40960        0             0 virtiofsd
[350360.360135] [1051779]  1000 1051779  8390253      885        0      297       588   331776        0             0 virtiofsd
[350360.360138] [1051781]  1000 1051781      605       15        0       15         0    40960        0             0 virtiofsd
[350360.360150] [1051782]  1000 1051782  8390253      600        0      297       303   110592        0             0 virtiofsd
[350360.360152] [1051783]  1000 1051783  8398127  1473422      288      590   1472544 12058624        0             0 cloud-hyperviso
[350360.360156] [1051796]  1000 1051796      605       15        0       15         0    36864        0             0 virtiofsd
[350360.360159] [1051797]  1000 1051797  8390253     1171        0      297       874   360448        0             0 virtiofsd
[350360.360161] [1051799]  1000 1051799      605       15        0       15         0    40960        0             0 virtiofsd
[350360.360170] [1051800]  1000 1051800  8390253      588        0      297       291   131072        0             0 virtiofsd
[350360.360175] [1051801]  1000 1051801  8398485  1403438      288      590   1402560 11501568        0             0 cloud-hyperviso
[350360.360178] [1051814]  1000 1051814      605       15        0       15         0    36864        0             0 virtiofsd
[350360.360180] [1051815]  1000 1051815  8390253      878        0      297       581   339968        0             0 virtiofsd
[350360.360184] [1051817]  1000 1051817      605       15        0       15         0    40960        0             0 virtiofsd
[350360.360187] [1051818]  1000 1051818  8390253      297        0      297         0   126976        0             0 virtiofsd
[350360.360189] [1051820]  1000 1051820  8398485  1452110      288      590   1451232 11898880        0             0 cloud-hyperviso
[350360.360191] [1051832]  1000 1051832      605       15        0       15         0    36864        0             0 virtiofsd
[350360.360194] [1051833]  1000 1051833  8390253      873        0      297       576   344064        0             0 virtiofsd
[350360.360196] [1051835]  1000 1051835      605       15        0       15         0    36864        0             0 virtiofsd
[350360.360201] [1051836]  1000 1051836  8390253      585        0      297       288   122880        0             0 virtiofsd
[350360.360204] [1051837]  1000 1051837  8398485  1449518      288      590   1448640 11882496        0             0 cloud-hyperviso
[350360.360208] [1051850]  1000 1051850      605       15        0       15         0    40960        0             0 virtiofsd
[350360.360210] [1051851]  1000 1051851  8390253     1175        0      297       878   339968        0             0 virtiofsd
[350360.360213] [1051853]  1000 1051853      605       15        0       15         0    40960        0             0 virtiofsd
[350360.360216] [1051854]  1000 1051854  8390253      297        0      297         0   131072        0             0 virtiofsd
[350360.360218] [1051855]  1000 1051855  8398485  1450670      288      590   1449792 11898880        0             0 cloud-hyperviso
[350360.360238] [1051868]  1000 1051868      605       15        0       15         0    40960        0             0 virtiofsd
[350360.360259] [1051869]  1000 1051869  8390253      884        0      297       587   331776        0             0 virtiofsd
[350360.360262] [1051874]  1000 1051874      605       15        0       15         0    40960        0             0 virtiofsd
[350360.360276] [1051875]  1000 1051875  8390253      297        0      297         0   122880        0             0 virtiofsd
[350360.360279] [1051876]  1000 1051876  8398468  1472846      288      590   1471968 12066816        0             0 cloud-hyperviso
[350360.360298] [1051930]  1000 1051930      605       15        0       15         0    36864        0             0 virtiofsd
[350360.360311] [1051931]  1000 1051931  8390253      585        0      297       288   348160        0             0 virtiofsd
[350360.360315] [1051932]  1000 1051932      605       15        0       15         0    36864        0             0 virtiofsd
[350360.360317] [1051933]  1000 1051933  8398485  1477454      576      590   1476288 12111872        0             0 cloud-hyperviso
[350360.360319] [1051934]  1000 1051934  8390253      297        0      297         0   126976        0             0 virtiofsd
[350360.360321] [1051949]  1000 1051949      605       15        0       15         0    40960        0             0 virtiofsd
[350360.360322] [1051950]  1000 1051950      605       15        0       15         0    36864        0             0 virtiofsd
[350360.360324] [1051951]  1000 1051951  8390253      297        0      297         0   352256        0             0 virtiofsd
[350360.360326] [1051952]  1000 1051952  8390253      297        0      297         0   122880        0             0 virtiofsd
[350360.360330] [1051953]  1000 1051953  8398485  1395086      288      590   1394208 11431936        0             0 cloud-hyperviso
[350360.360332] [1051978]  1000 1051978      605       15        0       15         0    45056        0             0 virtiofsd
[350360.360359] [1051980]  1000 1051980  8390253     1171        0      297       874   360448        0             0 virtiofsd
[350360.360366] [1051981]  1000 1051981      605       15        0       15         0    40960        0             0 virtiofsd
[350360.360370] [1051982]  1000 1051982  8398485  1346990      288      590   1346112 11063296        0             0 cloud-hyperviso
[350360.360391] [1051983]  1000 1051983  8390253      596        0      297       299   126976        0             0 virtiofsd
[350360.360393] [1052016]  1000 1052016      605       15        0       15         0    40960        0             0 virtiofsd
[350360.360395] [1052018]  1000 1052018      605       15        0       15         0    40960        0             0 virtiofsd
[350360.360397] [1052019]  1000 1052019  8390253      873        0      297       576   364544        0             0 virtiofsd
[350360.360399] [1052021]  1000 1052021  8398485  1421870      576      590   1420704 11632640        0             0 cloud-hyperviso
[350360.360402] [1052022]  1000 1052022  8390253      297        0      297         0   106496        0             0 virtiofsd
[350360.360405] [1052056]  1000 1052056      605       15        0       15         0    36864        0             0 virtiofsd
[350360.360407] [1052057]  1000 1052057      605       15        0       15         0    36864        0             0 virtiofsd
[350360.360410] [1052058]  1000 1052058  8390253      873        0      297       576   335872        0             0 virtiofsd
[350360.360412] [1052059]  1000 1052059  8398485  1394222      864      590   1392768 11411456        0             0 cloud-hyperviso
[350360.360415] [1052060]  1000 1052060  8390253      297        0      297         0   110592        0             0 virtiofsd
[350360.360427] [1052083]  1000 1052083      605       15        0       15         0    40960        0             0 virtiofsd
[350360.360445] [1052084]  1000 1052084      605       15        0       15         0    45056        0             0 virtiofsd
[350360.360448] [1052085]  1000 1052085  8390253      873        0      297       576   348160        0             0 virtiofsd
[350360.360452] [1052086]  1000 1052086  8398485  1413518      576      590   1412352 11563008        0             0 cloud-hyperviso
[350360.360453] [1052087]  1000 1052087  8390253      297        0      297         0   114688        0             0 virtiofsd
[350360.360488] [1052109]  1000 1052109      605       15        0       15         0    36864        0             0 virtiofsd
[350360.360490] [1052110]  1000 1052110      605       15        0       15         0    36864        0             0 virtiofsd
[350360.360493] [1052111]  1000 1052111  8390253      873        0      297       576   331776        0             0 virtiofsd
[350360.360498] [1052112]  1000 1052112  8390253      297        0      297         0   122880        0             0 virtiofsd
[350360.360560] [1052113]  1000 1052113  8398485  1492718      288      590   1491840 12238848        0             0 cloud-hyperviso
[350360.360563] [1052127]  1000 1052127      605       15        0       15         0    40960        0             0 virtiofsd
[350360.360568] [1052128]  1000 1052128      605       15        0       15         0    40960        0             0 virtiofsd
[350360.360574] [1052129]  1000 1052129  8390253     1162        0      297       865   356352        0             0 virtiofsd
[350360.360576] [1052131]  1000 1052131  8398485  1435406      576      590   1434240 11784192        0             0 cloud-hyperviso
[350360.360580] [1052132]  1000 1052132  8390253      297        0      297         0   122880        0             0 virtiofsd
[350360.360586] [1052151]  1000 1052151      605       15        0       15         0    40960        0             0 virtiofsd
[350360.360588] [1052152]  1000 1052152  8390253      873        0      297       576   339968        0             0 virtiofsd
[350360.360589] [1052153]  1000 1052153      605       15        0       15         0    40960        0             0 virtiofsd
[350360.360591] [1052154]  1000 1052154  8390253      297        0      297         0   122880        0             0 virtiofsd
[350360.360593] [1052156]  1000 1052156  8398485  1463054        0      590   1462464 12005376        0             0 cloud-hyperviso
[350360.360595] [1052171]  1000 1052171      605       15        0       15         0    40960        0             0 virtiofsd
[350360.360597] [1052172]  1000 1052172      605       15        0       15         0    36864        0             0 virtiofsd
[350360.360599] [1052173]  1000 1052173  8390253      878        0      297       581   303104        0             0 virtiofsd
[350360.360602] [1052174]  1000 1052174  8398485  1478606      576      590   1477440 12083200        0             0 cloud-hyperviso
[350360.360605] [1052175]  1000 1052175  8390253      297        0      297         0   126976        0             0 virtiofsd
[350360.360607] [1052195]  1000 1052195      605       15        0       15         0    40960        0             0 virtiofsd
[350360.360610] [1052196]  1000 1052196  8390253      874        0      297       577   323584        0             0 virtiofsd
[350360.360612] [1052197]  1000 1052197      605       15        0       15         0    40960        0             0 virtiofsd
[350360.360614] [1052199]  1000 1052199  8390253      599        0      297       302   122880        0             0 virtiofsd
[350360.360615] [1052201]  1000 1052201  8398485  1482062     1152      590   1480320 12083200        0             0 cloud-hyperviso
[350360.360617] [1052227]  1000 1052227      605       15        0       15         0    40960        0             0 virtiofsd
[350360.360619] [1052228]  1000 1052228  8390253     1165        0      297       868   303104        0             0 virtiofsd
[350360.360622] [1052229]  1000 1052229      605       15        0       15         0    36864        0             0 virtiofsd
[350360.360624] [1052231]  1000 1052231  8390253      297        0      297         0   118784        0             0 virtiofsd
[350360.360632] [1052233]  1000 1052233  8398468  1465934      864      590   1464480 12005376        0             0 cloud-hyperviso
[350360.360635] [1052253]  1000 1052253      605       15        0       15         0    40960        0             0 virtiofsd
[350360.360637] [1052254]  1000 1052254      605       15        0       15         0    40960        0             0 virtiofsd
[350360.360638] [1052255]  1000 1052255  8390253     1169        0      297       872   348160        0             0 virtiofsd
[350360.360641] [1052256]  1000 1052256  8398127  1480334      864      590   1478880 12156928        0             0 cloud-hyperviso
[350360.360643] [1052257]  1000 1052257  8390253      297        0      297         0   118784        0             0 virtiofsd
[350360.360644] [1052281]  1000 1052281      605       15        0       15         0    36864        0             0 virtiofsd
[350360.360646] [1052282]  1000 1052282  8390253     1175        0      297       878   393216        0             0 virtiofsd
[350360.360653] [1052283]  1000 1052283      605       15        0       15         0    40960        0             0 virtiofsd
[350360.360655] [1052285]  1000 1052285  8390253      597        0      297       300   126976        0             0 virtiofsd
[350360.360675] [1052286]  1000 1052286  8398178  1477166      864      590   1475712 12062720        0             0 cloud-hyperviso
[350360.360677] oom-kill:constraint=CONSTRAINT_MEMORY_POLICY,nodemask=1,cpuset=/,mems_allowed=1-2,global_oom,task_memcg=/user.slice/user-1000.slice/user@1000.service,task=dbus-daemon,pid=205230,uid=1000
[350360.360787] Out of memory: Killed process 205230 (dbus-daemon) total-vm:7488kB, anon-rss:0kB, file-rss:3536kB, shmem-rss:0kB, UID:1000 pgtables:56kB oom_score_adj:200
[350360.379090] vcpu1 invoked oom-killer: gfp_mask=0x100cca(GFP_HIGHUSER_MOVABLE), order=0, oom_score_adj=0
[350360.379136] CPU: 49 PID: 1051811 Comm: vcpu1 Tainted: G        W          6.10.0-host+ #2
[350360.379143] Hardware name: Supermicro X12DPi-N(T)6/X12DPi-N6, BIOS 1.1b 07/20/2021
[350360.379145] Call Trace:
[350360.379147]  <TASK>
[350360.379149]  dump_stack_lvl+0x31/0xc0
[350360.379158]  dump_stack+0x14/0x40
[350360.379160]  dump_header+0x47/0x140
[350360.379177]  oom_kill_process+0x1cc/0x2c0
[350360.379183]  out_of_memory+0x3b1/0x580
[350360.379186]  __alloc_pages_slowpath+0x964/0xd80
[350360.379194]  __alloc_pages_noprof+0x237/0x340
[350360.379198]  alloc_pages_mpol_noprof+0xf4/0x1c0
[350360.379206]  shmem_alloc_and_add_folio+0x132/0x380
[350360.379211]  ? filemap_get_entry+0x56/0x180
[350360.379223]  shmem_get_folio_gfp+0x261/0x540
[350360.379226]  shmem_fault+0x75/0x140
[350360.379230]  __do_fault+0x43/0x180
[350360.379236]  handle_mm_fault+0xdf8/0x20c0
[350360.379243]  __get_user_pages+0x3f0/0x700
[350360.379278]  get_user_pages_unlocked+0xdd/0x380
[350360.379281]  hva_to_pfn+0xe3/0x440
[350360.379306]  ? xa_load+0x4d/0xc0
[350360.379308]  __gfn_to_pfn_memslot+0x94/0x140
[350360.379361]  kvm_faultin_pfn+0x1a5/0x500
[350360.379366]  ? clear_bhb_loop+0x45/0xc0
[350360.379369]  ? clear_bhb_loop+0x45/0xc0
[350360.379370]  ? clear_bhb_loop+0x45/0xc0
[350360.379372]  ? __pfx_kvm_tdp_page_fault+0x40/0x40
[350360.379375]  kvm_tdp_page_fault+0x109/0x180
[350360.379376]  kvm_mmu_do_page_fault+0x138/0x240
[350360.379379]  kvm_mmu_page_fault+0xb4/0x240
[350360.379381]  handle_ept_violation+0x113/0x400
[350360.379399]  vmx_handle_exit+0x4f9/0x900
[350360.379401]  kvm_arch_vcpu_ioctl_run+0x19bd/0x2140
[350360.379426]  ? inotify_handle_inode_event+0x17f/0x240
[350360.379437]  ? fsnotify_handle_inode_event+0x95/0x100
[350360.379439]  ? fsnotify+0x651/0x800
[350360.379440]  ? fsnotify+0x7c0/0x800
[350360.379442]  ? fast_dput+0x18/0x100
[350360.379455]  ? dput+0x1e/0x80
[350360.379458]  ? __fsnotify_parent+0x204/0x240
[350360.379460]  ? __seccomp_filter+0x1de/0x940
[350360.379473]  kvm_vcpu_ioctl+0x4a8/0x580
[350360.379479]  __se_sys_ioctl+0x6d/0x100
[350360.379488]  __x64_sys_ioctl+0x1c/0x40
[350360.379498]  x64_sys_call+0x17e2/0x2c40
[350360.379507]  do_syscall_64+0x70/0x180
[350360.379509]  ? clear_bhb_loop+0x45/0xc0
[350360.379511]  ? clear_bhb_loop+0x45/0xc0
[350360.379513]  entry_SYSCALL_64_after_hwframe+0x76/0x7e
[350360.379531] RIP: 0033:0x7f25071c7c5a
[350360.379549] Code: 63 f6 48 8d 44 24 60 48 89 54 24 30 48 89 44 24 10 48 8d 44 24 20 48 89 44 24 18 b8 10 00 00 00 c7 44 24 08 10 00 00 00 0f 05 <48> 63 f8 e8 6e dd ff ff 48 83 c4 58 c3 41 57 41 56 41 55 41 54 49
[350360.379554] RSP: 002b:00007f1d05c024c0 EFLAGS: 00000206 ORIG_RAX: 0000000000000010
[350360.379560] RAX: ffffffffffffffda RBX: 00007f1d05c026d8 RCX: 00007f25071c7c5a
[350360.379563] RDX: 0000000000000000 RSI: 000000000000ae80 RDI: 0000000000000026
[350360.379570] RBP: 00007f25071ff320 R08: 0000000000000001 R09: 0000000000000080
[350360.379585] R10: 00000000000000ff R11: 0000000000000206 R12: 00007f1d05c02788
[350360.379586] R13: 00007f2506ee5e60 R14: 00007f250720da40 R15: 0000000000000000
[350360.379588]  </TASK>
[350360.379589] Mem-Info:
[350360.379618] active_anon:3529707 inactive_anon:30043810 isolated_anon:0
                 active_file:188163 inactive_file:4221354 isolated_file:0
                 unevictable:2250 dirty:717 writeback:2
                 slab_reclaimable:237962 slab_unreclaimable:152297
                 mapped:31968387 shmem:32462046 pagetables:81251
                 sec_pagetables:65018 bounce:0
                 kernel_misc_reclaimable:0
                 free:58685576 free_pcp:7384 free_cma:0
[350360.379624] Node 1 active_anon:1576632kB inactive_anon:120174512kB active_file:0kB inactive_file:5292kB unevictable:9000kB isolated(anon):0kB isolated(file):0kB mapped:117702796kB dirty:724kB writeback:0kB shmem:119090220kB shmem_thp:0kB shmem_pmdmapped:0kB anon_thp:1413120kB writeback_tmp:0kB kernel_stack:38288kB pagetables:262520kB sec_pagetables:257368kB all_unreclaimable? no
[350360.379654] Node 1 DMA free:920kB boost:2048kB min:2048kB low:2060kB high:2072kB reserved_highatomic:0KB active_anon:60kB inactive_anon:10264kB active_file:0kB inactive_file:0kB unevictable:0kB writepending:0kB present:15992kB managed:15360kB mlocked:0kB bounce:0kB free_pcp:28kB local_pcp:0kB free_cma:0kB
[350360.379692] lowmem_reserve[]: 0 1617 126387 0 0
[350360.379731] Node 1 DMA32 free:0kB boost:0kB min:376kB low:2032kB high:3688kB reserved_highatomic:0KB active_anon:64640kB inactive_anon:1575632kB active_file:0kB inactive_file:44kB unevictable:0kB writepending:0kB present:1724568kB managed:1656596kB mlocked:0kB bounce:0kB free_pcp:2924kB local_pcp:0kB free_cma:0kB
[350360.379736] lowmem_reserve[]: 0 0 124769 0 0
[350360.379776] Node 1 Normal free:220804kB boost:418732kB min:447820kB low:575584kB high:703348kB reserved_highatomic:0KB active_anon:1511704kB inactive_anon:118588616kB active_file:0kB inactive_file:5908kB unevictable:9000kB writepending:724kB present:130023424kB managed:127764404kB mlocked:0kB bounce:0kB free_pcp:26584kB local_pcp:636kB free_cma:0kB
[350360.379793] lowmem_reserve[]: 0 0 0 0 0
[350360.379798] Node 1 DMA: 3*4kB (U) 15*8kB (U) 16*16kB (U) 16*32kB (U) 0*64kB 0*128kB 0*256kB 0*512kB 0*1024kB 0*2048kB 0*4096kB = 900kB
[350360.379827] Node 1 DMA32: 0*4kB 0*8kB 0*16kB 0*32kB 0*64kB 0*128kB 0*256kB 0*512kB 0*1024kB 0*2048kB 0*4096kB = 0kB
[350360.379839] Node 1 Normal: 2597*4kB (UE) 3183*8kB (UE) 3992*16kB (UE) 2356*32kB (UE) 662*64kB (U) 0*128kB 0*256kB 0*512kB 0*1024kB 0*2048kB 0*4096kB = 217484kB
[350360.379872] Node 1 hugepages_total=0 hugepages_free=0 hugepages_surp=0 hugepages_size=1048576kB
[350360.379876] Node 1 hugepages_total=0 hugepages_free=0 hugepages_surp=0 hugepages_size=2048kB
[350360.379878] 36871812 total pagecache pages
[350360.379880] 0 pages in swap cache
[350360.379881] Free swap  = 0kB
[350360.379882] Total swap = 0kB
[350360.379884] 99525572 pages RAM
[350360.379885] 0 pages HighMem/MovableOnly
[350360.379885] 581906 pages reserved
[350360.379891] 0 pages hwpoisoned
[350360.379891] Tasks state (memory values in pages):
[350360.379894] [  pid  ]   uid  tgid total_vm      rss rss_anon rss_file rss_shmem pgtables_bytes swapents oom_score_adj name
[350360.380016] [   1522]     0  1522     7760     2069        0     2069         0    90112        0         -1000 systemd-udevd
[350360.380028] [   2064]    81  2064     2064     1164        0     1164         0    61440        0          -900 dbus-daemon
[350360.380031] [   2069]     0  2069     4476     2668      288     2380         0    73728        0             0 systemd-logind
[350360.380034] [   2075]     0  2075    94687     5919     3232     2687         0   200704        0             0 NetworkManager
[350360.380038] [   2102]  1000  2102     1895      587        0      587         0    57344        0             0 runsvc.sh
[350360.380040] [   2113]     0  2113     2504      590        0      590         0    61440        0             0 agetty
[350360.380042] [   2114]     0  2114     2512      581        0      581         0    61440        0             0 agetty
[350360.380045] [   2115]  1000  2115    80668     5045     1440     3605         0   438272        0             0 node
[350360.380047] [   2139]  1000  2139  1110512    26237    20366     5871         0   753664        0             0 Runner.Listener
[350360.380051] [   2146]     0  2146     3980     2950      288     2662         0    73728        0             0 wpa_supplicant
[350360.380053] [   2240]   998  2240  3296983    47526    41577     5949         0  2945024        0             0 alloy
[350360.380059] [   2258]   998  2258     1859      591        0      591         0    57344        0             0 dbus-daemon
[350360.380061] [   2993]     0  2993     4164     1768        0     1768         0    73728        0             0 systemd-machine
[350360.380063] [   3027]   102  3027    80289     3238      576     2662         0   151552        0             0 polkitd
[350360.380070] [   3089]   356  3089     2913      597        0      597         0    65536        0             0 dnsmasq
[350360.380076] [   3090]     0  3090     2913        0        0        0         0    65536        0             0 dnsmasq
[350360.380079] [   4799]   356  4799     2913      586        0      586         0    69632        0             0 dnsmasq
[350360.380083] [   4800]     0  4800     2913      295        0      295         0    69632        0             0 dnsmasq
[350360.380089] [ 205212]  1000 205212     5057     2626      576     2050         0    77824        0           100 systemd
[350360.380097] [ 205214]  1000 205214     5477      589      299      290         0    73728        0           100 (sd-pam)
[350360.380102] [ 806008]  1000 806008    57689    30258    29660      598         0   507904        0             0 tmux: server
[350360.380106] [ 806056]  1000 806056    61722     2466      775     1691         0   143360        0             0 fish
[350360.380108] [ 807101]   997 807101   317899    11472     4064     7408         0   208896        0             0 caddy
[350360.380116] [ 807249]  1000 807249   168815    29819    24764     5055         0   450560        0             0 jupyter-lab
[350360.380119] [ 807311]  1000 807311    61979     4733     2880     1853         0   131072        0             0 fish
[350360.380122] [ 807423]  1000 807423    40985     1676      288     1388         0   106496        0             0 fish
[350360.380128] [ 813403]  1000 813403    43195     4811     3168     1643         0   114688        0             0 fish
[350360.380138] [ 852328]  1000 852328 26394092   108752   106616     2136         0 19849216        0             0 pytest
[350360.380140] [ 854897]  1000 854897   239255     2342     1152     1190         0   253952        0             0 joshuto
[350360.380143] [ 870305]     0 870305    37752      292        0      292         0    77824        0             0 clr_debug_fuse
[350360.380146] [ 870339]     0 870339    30482     1001        0     1001         0   172032        0             0 tallow
[350360.380148] [ 870348]   305 870348     4462     1180        0     1180         0    77824        0             0 pacrunner
[350360.380151] [ 870356]     0 870356    13400      638        0      638         0   114688        0          -250 systemd-journal
[350360.380153] [ 870361]     0 870361      691      293        0      293         0    40960        0             0 mcelog
[350360.380156] [ 870365]     0 870365    56185      295        0      295         0    90112        0             0 clr_debug_fuse
[350360.380158] [ 870376]    98 870376     5016     2960      576     2384         0    86016        0             0 systemd-resolve
[350360.380160] [ 870379]   305 870379     2090      598        0      598         0    57344        0             0 pacdiscovery
[350360.380164] [ 870385]    99 870385    22794     1461        0     1461         0    77824        0             0 systemd-timesyn
[350360.380174] [ 954275]  1000 954275    59258     1754      288     1466         0   110592        0             0 fish
[350360.380179] [ 954303]  1000 954303     4846     2626     1440     1186         0    77824        0             0 htop
[350360.380182] [ 954408]  1000 954408  4449150    62180    59376     2804         0   786432        0             0 python3
[350360.380193] [ 957458]     0 957458   187794    10383     5954     4429         0   204800        0             0 cloudflared
[350360.380215] [ 985271]  1000 985271    43510     2224      864     1360         0   110592        0             0 fish
[350360.380226] [ 992828]  1000 992828    59064     1698      288     1410         0   114688        0             0 fish
[350360.380230] [ 993727]  1000 993727     3675     2054      288     1766         0    73728        0             0 nvim
[350360.380233] [ 993730]  1000 993730     3099      302        0      302         0    53248        0             0 nvim
[350360.380235] [ 993737]  1000 993737   551115   431142   429078     2064         0  3661824        0             0 nvim
[350360.380248] [ 993852]  1000 993852   471808   246376   234100    12276         0 26034176        0             0 node
[350360.380251] [ 993863]  1000 993863   347631    34703    22417    12286         0  2564096        0             0 node
[350360.380256] [ 995195]  1000 995195    21865     1474        0     1474         0    90112        0             0 fish
[350360.380259] [ 995201]  1000 995201    58943     1409        0     1409         0   118784        0             0 fish
[350360.380266] [ 995269]  1000 995269   155220     2334     1152     1182         0   184320        0             0 joshuto
[350360.380269] [ 995954]  1000 995954  1235362     8479     4606     3873         0   827392        0             0 lazygit
[350360.380380] [1051742]  1000 1051742      605       15        0       15         0    45056        0             0 virtiofsd
[350360.380382] [1051743]  1000 1051743  8390253      873        0      297       576   348160        0             0 virtiofsd
[350360.380384] [1051744]  1000 1051744      605       15        0       15         0    40960        0             0 virtiofsd
[350360.380386] [1051745]  1000 1051745  8390253      297        0      297         0   106496        0             0 virtiofsd
[350360.380389] [1051747]  1000 1051747  8398485  1451246      288      590   1450368 11878400        0             0 cloud-hyperviso
[350360.380391] [1051760]  1000 1051760      605       15        0       15         0    40960        0             0 virtiofsd
[350360.380393] [1051761]  1000 1051761  8390253     1162        0      297       865   356352        0             0 virtiofsd
[350360.380395] [1051762]  1000 1051762      605       15        0       15         0    40960        0             0 virtiofsd
[350360.380397] [1051764]  1000 1051764  8390253      297        0      297         0   114688        0             0 virtiofsd
[350360.380399] [1051765]  1000 1051765  8398485  1469390      288      590   1468512 12062720        0             0 cloud-hyperviso
[350360.380403] [1051778]  1000 1051778      605       15        0       15         0    40960        0             0 virtiofsd
[350360.380405] [1051779]  1000 1051779  8390253      885        0      297       588   331776        0             0 virtiofsd
[350360.380407] [1051781]  1000 1051781      605       15        0       15         0    40960        0             0 virtiofsd
[350360.380409] [1051782]  1000 1051782  8390253      600        0      297       303   110592        0             0 virtiofsd
[350360.380414] [1051783]  1000 1051783  8398127  1474286      288      590   1473408 12062720        0             0 cloud-hyperviso
[350360.380415] [1051796]  1000 1051796      605       15        0       15         0    36864        0             0 virtiofsd
[350360.380417] [1051797]  1000 1051797  8390253     1171        0      297       874   360448        0             0 virtiofsd
[350360.380419] [1051799]  1000 1051799      605       15        0       15         0    40960        0             0 virtiofsd
[350360.380424] [1051800]  1000 1051800  8390253      588        0      297       291   131072        0             0 virtiofsd
[350360.380426] [1051801]  1000 1051801  8398485  1403726      288      590   1402848 11505664        0             0 cloud-hyperviso
[350360.380435] [1051814]  1000 1051814      605       15        0       15         0    36864        0             0 virtiofsd
[350360.380437] [1051815]  1000 1051815  8390253      878        0      297       581   339968        0             0 virtiofsd
[350360.380439] [1051817]  1000 1051817      605       15        0       15         0    40960        0             0 virtiofsd
[350360.380441] [1051818]  1000 1051818  8390253      297        0      297         0   126976        0             0 virtiofsd
[350360.380442] [1051820]  1000 1051820  8398485  1452398      288      590   1451520 11902976        0             0 cloud-hyperviso
[350360.380445] [1051832]  1000 1051832      605       15        0       15         0    36864        0             0 virtiofsd
[350360.380447] [1051833]  1000 1051833  8390253      873        0      297       576   344064        0             0 virtiofsd
[350360.380451] [1051835]  1000 1051835      605       15        0       15         0    36864        0             0 virtiofsd
[350360.380453] [1051836]  1000 1051836  8390253      585        0      297       288   122880        0             0 virtiofsd
[350360.380463] [1051837]  1000 1051837  8398485  1449806      288      590   1448928 11886592        0             0 cloud-hyperviso
[350360.380467] [1051850]  1000 1051850      605       15        0       15         0    40960        0             0 virtiofsd
[350360.380470] [1051851]  1000 1051851  8390253     1175        0      297       878   339968        0             0 virtiofsd
[350360.380483] [1051853]  1000 1051853      605       15        0       15         0    40960        0             0 virtiofsd
[350360.380484] [1051854]  1000 1051854  8390253      297        0      297         0   131072        0             0 virtiofsd
[350360.380486] [1051855]  1000 1051855  8398485  1451246      288      590   1450368 11902976        0             0 cloud-hyperviso
[350360.380490] [1051868]  1000 1051868      605       15        0       15         0    40960        0             0 virtiofsd
[350360.380495] [1051869]  1000 1051869  8390253      884        0      297       587   331776        0             0 virtiofsd
[350360.380497] [1051874]  1000 1051874      605       15        0       15         0    40960        0             0 virtiofsd
[350360.380500] [1051875]  1000 1051875  8390253      297        0      297         0   122880        0             0 virtiofsd
[350360.380502] [1051876]  1000 1051876  8398468  1473710      288      590   1472832 12070912        0             0 cloud-hyperviso
[350360.380504] [1051930]  1000 1051930      605       15        0       15         0    36864        0             0 virtiofsd
[350360.380518] [1051931]  1000 1051931  8390253      585        0      297       288   348160        0             0 virtiofsd
[350360.380519] [1051932]  1000 1051932      605       15        0       15         0    36864        0             0 virtiofsd
[350360.380522] [1051933]  1000 1051933  8398485  1478030      576      590   1476864 12115968        0             0 cloud-hyperviso
[350360.380526] [1051934]  1000 1051934  8390253      297        0      297         0   126976        0             0 virtiofsd
[350360.380528] [1051949]  1000 1051949      605       15        0       15         0    40960        0             0 virtiofsd
[350360.380529] [1051950]  1000 1051950      605       15        0       15         0    36864        0             0 virtiofsd
[350360.380531] [1051951]  1000 1051951  8390253      297        0      297         0   352256        0             0 virtiofsd
[350360.380533] [1051952]  1000 1051952  8390253      297        0      297         0   122880        0             0 virtiofsd
[350360.380535] [1051953]  1000 1051953  8398485  1395662      288      590   1394784 11436032        0             0 cloud-hyperviso
[350360.380538] [1051978]  1000 1051978      605       15        0       15         0    45056        0             0 virtiofsd
[350360.380548] [1051980]  1000 1051980  8390253     1171        0      297       874   360448        0             0 virtiofsd
[350360.380550] [1051981]  1000 1051981      605       15        0       15         0    40960        0             0 virtiofsd
[350360.380552] [1051982]  1000 1051982  8398485  1346990      288      590   1346112 11063296        0             0 cloud-hyperviso
[350360.380560] [1051983]  1000 1051983  8390253      596        0      297       299   126976        0             0 virtiofsd
[350360.380564] [1052016]  1000 1052016      605       15        0       15         0    40960        0             0 virtiofsd
[350360.380568] [1052018]  1000 1052018      605       15        0       15         0    40960        0             0 virtiofsd
[350360.380569] [1052019]  1000 1052019  8390253      873        0      297       576   364544        0             0 virtiofsd
[350360.380571] [1052021]  1000 1052021  8398485  1422158      576      590   1420992 11636736        0             0 cloud-hyperviso
[350360.380576] [1052022]  1000 1052022  8390253      297        0      297         0   106496        0             0 virtiofsd
[350360.380578] [1052056]  1000 1052056      605       15        0       15         0    36864        0             0 virtiofsd
[350360.380580] [1052057]  1000 1052057      605       15        0       15         0    36864        0             0 virtiofsd
[350360.380583] [1052058]  1000 1052058  8390253      873        0      297       576   335872        0             0 virtiofsd
[350360.380584] [1052059]  1000 1052059  8398485  1394798      864      590   1393344 11415552        0             0 cloud-hyperviso
[350360.380586] [1052060]  1000 1052060  8390253      297        0      297         0   110592        0             0 virtiofsd
[350360.380588] [1052083]  1000 1052083      605       15        0       15         0    40960        0             0 virtiofsd
[350360.380590] [1052084]  1000 1052084      605       15        0       15         0    45056        0             0 virtiofsd
[350360.380593] [1052085]  1000 1052085  8390253      873        0      297       576   348160        0             0 virtiofsd
[350360.380595] [1052086]  1000 1052086  8398485  1413806      576      590   1412640 11563008        0             0 cloud-hyperviso
[350360.380602] [1052087]  1000 1052087  8390253      297        0      297         0   114688        0             0 virtiofsd
[350360.380604] [1052109]  1000 1052109      605       15        0       15         0    36864        0             0 virtiofsd
[350360.380605] [1052110]  1000 1052110      605       15        0       15         0    36864        0             0 virtiofsd
[350360.380607] [1052111]  1000 1052111  8390253      873        0      297       576   331776        0             0 virtiofsd
[350360.380609] [1052112]  1000 1052112  8390253      297        0      297         0   122880        0             0 virtiofsd
[350360.380610] [1052113]  1000 1052113  8398485  1493294      288      590   1492416 12242944        0             0 cloud-hyperviso
[350360.380612] [1052127]  1000 1052127      605       15        0       15         0    40960        0             0 virtiofsd
[350360.380614] [1052128]  1000 1052128      605       15        0       15         0    40960        0             0 virtiofsd
[350360.380616] [1052129]  1000 1052129  8390253     1162        0      297       865   356352        0             0 virtiofsd
[350360.380620] [1052131]  1000 1052131  8398485  1435694      576      590   1434528 11788288        0             0 cloud-hyperviso
[350360.380626] [1052132]  1000 1052132  8390253      297        0      297         0   122880        0             0 virtiofsd
[350360.380631] [1052151]  1000 1052151      605       15        0       15         0    40960        0             0 virtiofsd
[350360.380632] [1052152]  1000 1052152  8390253      873        0      297       576   339968        0             0 virtiofsd
[350360.380636] [1052153]  1000 1052153      605       15        0       15         0    40960        0             0 virtiofsd
[350360.380638] [1052154]  1000 1052154  8390253      297        0      297         0   122880        0             0 virtiofsd
[350360.380640] [1052156]  1000 1052156  8398485  1463918        0      590   1463328 12013568        0             0 cloud-hyperviso
[350360.380645] [1052171]  1000 1052171      605       15        0       15         0    40960        0             0 virtiofsd
[350360.380649] [1052172]  1000 1052172      605       15        0       15         0    36864        0             0 virtiofsd
[350360.380650] [1052173]  1000 1052173  8390253      878        0      297       581   303104        0             0 virtiofsd
[350360.380652] [1052174]  1000 1052174  8398485  1479470      576      590   1478304 12087296        0             0 cloud-hyperviso
[350360.380655] [1052175]  1000 1052175  8390253      297        0      297         0   126976        0             0 virtiofsd
[350360.380663] [1052195]  1000 1052195      605       15        0       15         0    40960        0             0 virtiofsd
[350360.380666] [1052196]  1000 1052196  8390253      874        0      297       577   323584        0             0 virtiofsd
[350360.380669] [1052197]  1000 1052197      605       15        0       15         0    40960        0             0 virtiofsd
[350360.380676] [1052199]  1000 1052199  8390253      599        0      297       302   122880        0             0 virtiofsd
[350360.380679] [1052201]  1000 1052201  8398485  1482638     1152      590   1480896 12091392        0             0 cloud-hyperviso
[350360.380681] [1052227]  1000 1052227      605       15        0       15         0    40960        0             0 virtiofsd
[350360.380685] [1052228]  1000 1052228  8390253     1165        0      297       868   303104        0             0 virtiofsd
[350360.380688] [1052229]  1000 1052229      605       15        0       15         0    36864        0             0 virtiofsd
[350360.380692] [1052231]  1000 1052231  8390253      297        0      297         0   118784        0             0 virtiofsd
[350360.380759] [1052233]  1000 1052233  8398468  1466510      864      590   1465056 12013568        0             0 cloud-hyperviso
[350360.380768] [1052253]  1000 1052253      605       15        0       15         0    40960        0             0 virtiofsd
[350360.380771] [1052254]  1000 1052254      605       15        0       15         0    40960        0             0 virtiofsd
[350360.380774] [1052255]  1000 1052255  8390253     1169        0      297       872   348160        0             0 virtiofsd
[350360.380787] [1052256]  1000 1052256  8398127  1481198      864      590   1479744 12161024        0             0 cloud-hyperviso
[350360.380791] [1052257]  1000 1052257  8390253      297        0      297         0   118784        0             0 virtiofsd
[350360.380798] [1052281]  1000 1052281      605       15        0       15         0    36864        0             0 virtiofsd
[350360.380800] [1052282]  1000 1052282  8390253     1175        0      297       878   393216        0             0 virtiofsd
[350360.380803] [1052283]  1000 1052283      605       15        0       15         0    40960        0             0 virtiofsd
[350360.380805] [1052285]  1000 1052285  8390253      597        0      297       300   126976        0             0 virtiofsd
[350360.380821] [1052286]  1000 1052286  8398178  1478030      864      590   1476576 12070912        0             0 cloud-hyperviso
[350360.380824] oom-kill:constraint=CONSTRAINT_MEMORY_POLICY,nodemask=1,cpuset=/,mems_allowed=1-2,global_oom,task_memcg=/user.slice/user-1000.slice/user@1000.service,task=systemd,pid=205212,uid=1000
[350360.380856] Out of memory: Killed process 205212 (systemd) total-vm:20228kB, anon-rss:2304kB, file-rss:8200kB, shmem-rss:0kB, UID:1000 pgtables:76kB oom_score_adj:100
[350360.412088] vcpu0 invoked oom-killer: gfp_mask=0x100cca(GFP_HIGHUSER_MOVABLE), order=0, oom_score_adj=0
[350360.412114] CPU: 54 PID: 1051828 Comm: vcpu0 Tainted: G        W          6.10.0-host+ #2
[350360.412118] Hardware name: Supermicro X12DPi-N(T)6/X12DPi-N6, BIOS 1.1b 07/20/2021
[350360.412120] Call Trace:
[350360.412122]  <TASK>
[350360.412125]  dump_stack_lvl+0x31/0xc0
[350360.412131]  dump_stack+0x14/0x40
[350360.412132]  dump_header+0x47/0x140
[350360.412138]  oom_kill_process+0x1cc/0x2c0
[350360.412142]  out_of_memory+0x3b1/0x580
[350360.412145]  __alloc_pages_slowpath+0x964/0xd80
[350360.412152]  __alloc_pages_noprof+0x237/0x340
[350360.412154]  alloc_pages_mpol_noprof+0xf4/0x1c0
[350360.412157]  shmem_alloc_and_add_folio+0x132/0x380
[350360.412168]  ? filemap_get_entry+0x56/0x180
[350360.412175]  shmem_get_folio_gfp+0x261/0x540
[350360.412177]  shmem_fault+0x75/0x140
[350360.412180]  __do_fault+0x43/0x180
[350360.412184]  handle_mm_fault+0xdf8/0x20c0
[350360.412189]  __get_user_pages+0x3f0/0x700
[350360.412195]  get_user_pages_unlocked+0xdd/0x380
[350360.412198]  hva_to_pfn+0xe3/0x440
[350360.412205]  ? xa_load+0x4d/0xc0
[350360.412209]  __gfn_to_pfn_memslot+0x94/0x140
[350360.412211]  kvm_faultin_pfn+0x1a5/0x500
[350360.412217]  ? clear_bhb_loop+0x45/0xc0
[350360.412221]  ? clear_bhb_loop+0x45/0xc0
[350360.412222]  ? clear_bhb_loop+0x45/0xc0
[350360.412224]  ? __pfx_kvm_tdp_page_fault+0x40/0x40
[350360.412226]  kvm_tdp_page_fault+0x109/0x180
[350360.412227]  kvm_mmu_do_page_fault+0x138/0x240
[350360.412231]  kvm_mmu_page_fault+0xb4/0x240
[350360.412233]  handle_ept_violation+0x113/0x400
[350360.412237]  vmx_handle_exit+0x4f9/0x900
[350360.412239]  kvm_arch_vcpu_ioctl_run+0x19bd/0x2140
[350360.412247]  ? inotify_handle_inode_event+0x17f/0x240
[350360.412252]  ? fsnotify_handle_inode_event+0x95/0x100
[350360.412253]  ? fsnotify+0x651/0x800
[350360.412255]  ? fsnotify+0x7c0/0x800
[350360.412257]  ? fast_dput+0x18/0x100
[350360.412259]  ? dput+0x1e/0x80
[350360.412261]  ? __fsnotify_parent+0x204/0x240
[350360.412263]  ? __seccomp_filter+0x1de/0x940
[350360.412269]  kvm_vcpu_ioctl+0x4a8/0x580
[350360.412280]  __se_sys_ioctl+0x6d/0x100
[350360.412284]  __x64_sys_ioctl+0x1c/0x40
[350360.412286]  x64_sys_call+0x17e2/0x2c40
[350360.412290]  do_syscall_64+0x70/0x180
[350360.412292]  ? clear_bhb_loop+0x45/0xc0
[350360.412293]  ? clear_bhb_loop+0x45/0xc0
[350360.412294]  entry_SYSCALL_64_after_hwframe+0x76/0x7e
[350360.412301] RIP: 0033:0x7ff5dc5c7c5a
[350360.412309] Code: Unable to access opcode bytes at 0x7ff5dc5c7c30.
[350360.412310] RSP: 002b:00007feddb4024c0 EFLAGS: 00000206 ORIG_RAX: 0000000000000010
[350360.412315] RAX: ffffffffffffffda RBX: 00007feddb4026d8 RCX: 00007ff5dc5c7c5a
[350360.412317] RDX: 0000000000000000 RSI: 000000000000ae80 RDI: 0000000000000024
[350360.412320] RBP: 00007ff5dc611310 R08: 0000000000000001 R09: 0000000000000080
[350360.412323] R10: 00000000000000ff R11: 0000000000000206 R12: 00007feddb402788
[350360.412328] R13: 00007ff5dc2e5e60 R14: 00007ff5dc61a600 R15: 0000000000000000
[350360.412331]  </TASK>
[350360.412332] Mem-Info:
[350360.412348] active_anon:3919918 inactive_anon:29668745 isolated_anon:0
                 active_file:187701 inactive_file:4220862 isolated_file:0
                 unevictable:2250 dirty:717 writeback:2
                 slab_reclaimable:237970 slab_unreclaimable:152297
                 mapped:31983202 shmem:32477631 pagetables:81253
                 sec_pagetables:65021 bounce:0
                 kernel_misc_reclaimable:0
                 free:58661661 free_pcp:9577 free_cma:0
[350360.412354] Node 1 active_anon:3079516kB inactive_anon:118674252kB active_file:0kB inactive_file:3324kB unevictable:9000kB isolated(anon):0kB isolated(file):0kB mapped:117703588kB dirty:724kB writeback:0kB shmem:119094096kB shmem_thp:0kB shmem_pmdmapped:0kB anon_thp:1413120kB writeback_tmp:0kB kernel_stack:38272kB pagetables:262528kB sec_pagetables:257380kB all_unreclaimable? no
[350360.412364] Node 1 DMA free:908kB boost:2048kB min:2048kB low:2060kB high:2072kB reserved_highatomic:0KB active_anon:68kB inactive_anon:10264kB active_file:0kB inactive_file:0kB unevictable:0kB writepending:0kB present:15992kB managed:15360kB mlocked:0kB bounce:0kB free_pcp:32kB local_pcp:0kB free_cma:0kB
[350360.412369] lowmem_reserve[]: 0 1617 126387 0 0
[350360.412378] Node 1 DMA32 free:0kB boost:0kB min:376kB low:2032kB high:3688kB reserved_highatomic:0KB active_anon:66824kB inactive_anon:1574100kB active_file:0kB inactive_file:44kB unevictable:0kB writepending:0kB present:1724568kB managed:1656596kB mlocked:0kB bounce:0kB free_pcp:2272kB local_pcp:0kB free_cma:0kB
[350360.412383] lowmem_reserve[]: 0 0 124769 0 0
[350360.412391] Node 1 Normal free:212428kB boost:426924kB min:456012kB low:583776kB high:711540kB reserved_highatomic:0KB active_anon:3015520kB inactive_anon:117086860kB active_file:0kB inactive_file:3940kB unevictable:9000kB writepending:724kB present:130023424kB managed:127764404kB mlocked:0kB bounce:0kB free_pcp:36004kB local_pcp:660kB free_cma:0kB
[350360.412396] lowmem_reserve[]: 0 0 0 0 0
[350360.412399] Node 1 DMA: 0*4kB 15*8kB (U) 16*16kB (U) 16*32kB (U) 0*64kB 0*128kB 0*256kB 0*512kB 0*1024kB 0*2048kB 0*4096kB = 888kB
[350360.412416] Node 1 DMA32: 0*4kB 0*8kB 0*16kB 0*32kB 0*64kB 0*128kB 0*256kB 0*512kB 0*1024kB 0*2048kB 0*4096kB = 0kB
[350360.412425] Node 1 Normal: 1175*4kB (UM) 4374*8kB (UME) 4602*16kB (UME) 2992*32kB (UME) 8*64kB (M) 3*128kB (M) 0*256kB 0*512kB 0*1024kB 0*2048kB 0*4096kB = 209964kB
[350360.412437] Node 1 hugepages_total=0 hugepages_free=0 hugepages_surp=0 hugepages_size=1048576kB
[350360.412438] Node 1 hugepages_total=0 hugepages_free=0 hugepages_surp=0 hugepages_size=2048kB
[350360.412440] 36886782 total pagecache pages
[350360.412440] 0 pages in swap cache
[350360.412441] Free swap  = 0kB
[350360.412442] Total swap = 0kB
[350360.412443] 99525572 pages RAM
[350360.412444] 0 pages HighMem/MovableOnly
[350360.412445] 581906 pages reserved
[350360.412446] 0 pages hwpoisoned
[350360.412447] Tasks state (memory values in pages):
[350360.412451] [  pid  ]   uid  tgid total_vm      rss rss_anon rss_file rss_shmem pgtables_bytes swapents oom_score_adj name
[350360.412587] [   1522]     0  1522     7760     2069        0     2069         0    90112        0         -1000 systemd-udevd
[350360.412603] [   2064]    81  2064     2064     1164        0     1164         0    61440        0          -900 dbus-daemon
[350360.412606] [   2069]     0  2069     4476     2668      288     2380         0    73728        0             0 systemd-logind
[350360.412609] [   2075]     0  2075    94687     5919     3232     2687         0   200704        0             0 NetworkManager
[350360.412611] [   2102]  1000  2102     1895      587        0      587         0    57344        0             0 runsvc.sh
[350360.412614] [   2113]     0  2113     2504      590        0      590         0    61440        0             0 agetty
[350360.412617] [   2114]     0  2114     2512      581        0      581         0    61440        0             0 agetty
[350360.412619] [   2115]  1000  2115    80668     5045     1440     3605         0   438272        0             0 node
[350360.412621] [   2139]  1000  2139  1110512    26237    20366     5871         0   753664        0             0 Runner.Listener
[350360.412624] [   2146]     0  2146     3980     2950      288     2662         0    73728        0             0 wpa_supplicant
[350360.412627] [   2240]   998  2240  3296983    47238    41577     5661         0  2945024        0             0 alloy
[350360.412631] [   2258]   998  2258     1859      591        0      591         0    57344        0             0 dbus-daemon
[350360.412633] [   2993]     0  2993     4164     1768        0     1768         0    73728        0             0 systemd-machine
[350360.412638] [   3027]   102  3027    80289     3238      576     2662         0   151552        0             0 polkitd
[350360.412640] [   3089]   356  3089     2913      597        0      597         0    65536        0             0 dnsmasq
[350360.412643] [   3090]     0  3090     2913        0        0        0         0    65536        0             0 dnsmasq
[350360.412645] [   4799]   356  4799     2913      586        0      586         0    69632        0             0 dnsmasq
[350360.412647] [   4800]     0  4800     2913      295        0      295         0    69632        0             0 dnsmasq
[350360.412651] [ 205214]  1000 205214     5477      589      299      290         0    73728        0           100 (sd-pam)
[350360.412658] [ 806008]  1000 806008    57689    30258    29660      598         0   507904        0             0 tmux: server
[350360.412665] [ 806056]  1000 806056    61722     2466      775     1691         0   143360        0             0 fish
[350360.412670] [ 807101]   997 807101   317899    11472     4064     7408         0   208896        0             0 caddy
[350360.412672] [ 807249]  1000 807249   168815    29819    24764     5055         0   450560        0             0 jupyter-lab
[350360.412675] [ 807311]  1000 807311    61979     4733     2880     1853         0   131072        0             0 fish
[350360.412677] [ 807423]  1000 807423    40985     1676      288     1388         0   106496        0             0 fish
[350360.412679] [ 813403]  1000 813403    43195     4811     3168     1643         0   114688        0             0 fish
[350360.412682] [ 852328]  1000 852328 26394092   108752   106616     2136         0 19849216        0             0 pytest
[350360.412684] [ 854897]  1000 854897   239255     2342     1152     1190         0   253952        0             0 joshuto
[350360.412688] [ 870305]     0 870305    37752      292        0      292         0    77824        0             0 clr_debug_fuse
[350360.412690] [ 870339]     0 870339    30482     1001        0     1001         0   172032        0             0 tallow
[350360.412694] [ 870348]   305 870348     4462     1180        0     1180         0    77824        0             0 pacrunner
[350360.412716] [ 870356]     0 870356    13400      638        0      638         0   114688        0          -250 systemd-journal
[350360.412720] [ 870361]     0 870361      691      293        0      293         0    40960        0             0 mcelog
[350360.412722] [ 870365]     0 870365    56185      295        0      295         0    90112        0             0 clr_debug_fuse
[350360.412725] [ 870376]    98 870376     5016     2960      576     2384         0    86016        0             0 systemd-resolve
[350360.412728] [ 870379]   305 870379     2090      598        0      598         0    57344        0             0 pacdiscovery
[350360.412730] [ 870385]    99 870385    22794     1461        0     1461         0    77824        0             0 systemd-timesyn
[350360.412734] [ 954275]  1000 954275    59258     1754      288     1466         0   110592        0             0 fish
[350360.412739] [ 954303]  1000 954303     4846     2626     1440     1186         0    77824        0             0 htop
[350360.412742] [ 954408]  1000 954408  4449150    62180    59376     2804         0   786432        0             0 python3
[350360.412748] [ 957458]     0 957458   187794    10383     5954     4429         0   204800        0             0 cloudflared
[350360.412763] [ 985271]  1000 985271    43510     2224      864     1360         0   110592        0             0 fish
[350360.412772] [ 992828]  1000 992828    59064     1698      288     1410         0   114688        0             0 fish
[350360.412776] [ 993727]  1000 993727     3675     2054      288     1766         0    73728        0             0 nvim
[350360.412778] [ 993730]  1000 993730     3099      302        0      302         0    53248        0             0 nvim
[350360.412780] [ 993737]  1000 993737   551115   431142   429078     2064         0  3661824        0             0 nvim
[350360.412783] [ 993852]  1000 993852   471808   246376   234100    12276         0 26034176        0             0 node
[350360.412787] [ 993863]  1000 993863   347631    34703    22417    12286         0  2564096        0             0 node
[350360.412790] [ 995195]  1000 995195    21865     1474        0     1474         0    90112        0             0 fish
[350360.412794] [ 995201]  1000 995201    58943     1409        0     1409         0   118784        0             0 fish
[350360.412804] [ 995269]  1000 995269   155220     2334     1152     1182         0   184320        0             0 joshuto
[350360.412807] [ 995954]  1000 995954  1235362     8479     4606     3873         0   827392        0             0 lazygit
[350360.412929] [1051742]  1000 1051742      605       15        0       15         0    45056        0             0 virtiofsd
[350360.412932] [1051743]  1000 1051743  8390253      873        0      297       576   348160        0             0 virtiofsd
[350360.412935] [1051744]  1000 1051744      605       15        0       15         0    40960        0             0 virtiofsd
[350360.412938] [1051745]  1000 1051745  8390253      297        0      297         0   106496        0             0 virtiofsd
[350360.412940] [1051747]  1000 1051747  8398485  1451246      288      590   1450368 11878400        0             0 cloud-hyperviso
[350360.412944] [1051760]  1000 1051760      605       15        0       15         0    40960        0             0 virtiofsd
[350360.412948] [1051761]  1000 1051761  8390253     1162        0      297       865   356352        0             0 virtiofsd
[350360.412950] [1051762]  1000 1051762      605       15        0       15         0    40960        0             0 virtiofsd
[350360.412954] [1051764]  1000 1051764  8390253      297        0      297         0   114688        0             0 virtiofsd
[350360.412957] [1051765]  1000 1051765  8398485  1470830      288      590   1469952 12075008        0             0 cloud-hyperviso
[350360.412961] [1051778]  1000 1051778      605       15        0       15         0    40960        0             0 virtiofsd
[350360.412964] [1051779]  1000 1051779  8390253      885        0      297       588   331776        0             0 virtiofsd
[350360.412966] [1051781]  1000 1051781      605       15        0       15         0    40960        0             0 virtiofsd
[350360.412969] [1051782]  1000 1051782  8390253      600        0      297       303   110592        0             0 virtiofsd
[350360.412972] [1051783]  1000 1051783  8398127  1476014      288      590   1475136 12075008        0             0 cloud-hyperviso
[350360.412976] [1051796]  1000 1051796      605       15        0       15         0    36864        0             0 virtiofsd
[350360.412978] [1051797]  1000 1051797  8390253     1171        0      297       874   360448        0             0 virtiofsd
[350360.412981] [1051799]  1000 1051799      605       15        0       15         0    40960        0             0 virtiofsd
[350360.412985] [1051800]  1000 1051800  8390253      588        0      297       291   131072        0             0 virtiofsd
[350360.412988] [1051801]  1000 1051801  8398485  1404014      288      590   1403136 11505664        0             0 cloud-hyperviso
[350360.412992] [1051814]  1000 1051814      605       15        0       15         0    36864        0             0 virtiofsd
[350360.412999] [1051815]  1000 1051815  8390253      878        0      297       581   339968        0             0 virtiofsd
[350360.413003] [1051817]  1000 1051817      605       15        0       15         0    40960        0             0 virtiofsd
[350360.413006] [1051818]  1000 1051818  8390253      297        0      297         0   126976        0             0 virtiofsd
[350360.413010] [1051820]  1000 1051820  8398485  1452686      288      590   1451808 11902976        0             0 cloud-hyperviso
[350360.413013] [1051832]  1000 1051832      605       15        0       15         0    36864        0             0 virtiofsd
[350360.413015] [1051833]  1000 1051833  8390253      873        0      297       576   344064        0             0 virtiofsd
[350360.413018] [1051835]  1000 1051835      605       15        0       15         0    36864        0             0 virtiofsd
[350360.413021] [1051836]  1000 1051836  8390253      585        0      297       288   122880        0             0 virtiofsd
[350360.413025] [1051837]  1000 1051837  8398485  1450094      288      590   1449216 11890688        0             0 cloud-hyperviso
